TimeQuest Timing Analyzer report for Alu_aritmetico
Wed Dec 21 12:46:19 2022
Quartus II 64-Bit Version 13.1.0 Build 162 10/23/2013 SJ Web Edition


---------------------
; Table of Contents ;
---------------------
  1. Legal Notice
  2. TimeQuest Timing Analyzer Summary
  3. Parallel Compilation
  4. Clocks
  5. Slow 1200mV 85C Model Fmax Summary
  6. Timing Closure Recommendations
  7. Slow 1200mV 85C Model Setup Summary
  8. Slow 1200mV 85C Model Hold Summary
  9. Slow 1200mV 85C Model Recovery Summary
 10. Slow 1200mV 85C Model Removal Summary
 11. Slow 1200mV 85C Model Minimum Pulse Width Summary
 12. Propagation Delay
 13. Minimum Propagation Delay
 14. Slow 1200mV 85C Model Metastability Report
 15. Slow 1200mV 0C Model Fmax Summary
 16. Slow 1200mV 0C Model Setup Summary
 17. Slow 1200mV 0C Model Hold Summary
 18. Slow 1200mV 0C Model Recovery Summary
 19. Slow 1200mV 0C Model Removal Summary
 20. Slow 1200mV 0C Model Minimum Pulse Width Summary
 21. Propagation Delay
 22. Minimum Propagation Delay
 23. Slow 1200mV 0C Model Metastability Report
 24. Fast 1200mV 0C Model Setup Summary
 25. Fast 1200mV 0C Model Hold Summary
 26. Fast 1200mV 0C Model Recovery Summary
 27. Fast 1200mV 0C Model Removal Summary
 28. Fast 1200mV 0C Model Minimum Pulse Width Summary
 29. Propagation Delay
 30. Minimum Propagation Delay
 31. Fast 1200mV 0C Model Metastability Report
 32. Multicorner Timing Analysis Summary
 33. Propagation Delay
 34. Minimum Propagation Delay
 35. Board Trace Model Assignments
 36. Input Transition Times
 37. Slow Corner Signal Integrity Metrics
 38. Fast Corner Signal Integrity Metrics
 39. Clock Transfers
 40. Report TCCS
 41. Report RSKM
 42. Unconstrained Paths
 43. TimeQuest Timing Analyzer Messages



----------------
; Legal Notice ;
----------------
Copyright (C) 1991-2013 Altera Corporation
Your use of Altera Corporation's design tools, logic functions 
and other software and tools, and its AMPP partner logic 
functions, and any output files from any of the foregoing 
(including device programming or simulation files), and any 
associated documentation or information are expressly subject 
to the terms and conditions of the Altera Program License 
Subscription Agreement, Altera MegaCore Function License 
Agreement, or other applicable license agreement, including, 
without limitation, that your use is for the sole purpose of 
programming logic devices manufactured by Altera and sold by 
Altera or its authorized distributors.  Please refer to the 
applicable agreement for further details.



+-------------------------------------------------------------------------+
; TimeQuest Timing Analyzer Summary                                       ;
+--------------------+----------------------------------------------------+
; Quartus II Version ; Version 13.1.0 Build 162 10/23/2013 SJ Web Edition ;
; Revision Name      ; Alu_aritmetico                                     ;
; Device Family      ; Cyclone III                                        ;
; Device Name        ; EP3C16F484C6                                       ;
; Timing Models      ; Final                                              ;
; Delay Model        ; Combined                                           ;
; Rise/Fall Delays   ; Enabled                                            ;
+--------------------+----------------------------------------------------+


+------------------------------------------+
; Parallel Compilation                     ;
+----------------------------+-------------+
; Processors                 ; Number      ;
+----------------------------+-------------+
; Number detected on machine ; 12          ;
; Maximum allowed            ; 12          ;
;                            ;             ;
; Average used               ; 1.00        ;
; Maximum used               ; 12          ;
;                            ;             ;
; Usage by Processor         ; % Time Used ;
;     Processor 1            ; 100.0%      ;
;     Processors 2-12        ; < 0.1%      ;
+----------------------------+-------------+


----------
; Clocks ;
----------
No clocks to report.


--------------------------------------
; Slow 1200mV 85C Model Fmax Summary ;
--------------------------------------
No paths to report.


----------------------------------
; Timing Closure Recommendations ;
----------------------------------
HTML report is unavailable in plain text report export.


---------------------------------------
; Slow 1200mV 85C Model Setup Summary ;
---------------------------------------
No paths to report.


--------------------------------------
; Slow 1200mV 85C Model Hold Summary ;
--------------------------------------
No paths to report.


------------------------------------------
; Slow 1200mV 85C Model Recovery Summary ;
------------------------------------------
No paths to report.


-----------------------------------------
; Slow 1200mV 85C Model Removal Summary ;
-----------------------------------------
No paths to report.


-----------------------------------------------------
; Slow 1200mV 85C Model Minimum Pulse Width Summary ;
-----------------------------------------------------
No paths to report.


+--------------------------------------------------------------+
; Propagation Delay                                            ;
+------------+-------------+--------+--------+--------+--------+
; Input Port ; Output Port ; RR     ; RF     ; FR     ; FF     ;
+------------+-------------+--------+--------+--------+--------+
; A0         ; COUT        ; 9.568  ; 7.768  ; 8.209  ; 10.183 ;
; A0         ; a           ; 10.091 ; 10.174 ; 10.632 ; 10.716 ;
; A0         ; b           ; 9.816  ; 9.873  ; 10.357 ; 10.414 ;
; A0         ; c           ; 10.489 ; 10.523 ; 11.046 ; 11.124 ;
; A0         ; d           ; 10.770 ; 10.767 ; 11.311 ; 11.309 ;
; A0         ; e           ; 10.452 ; 10.505 ; 11.002 ; 11.061 ;
; A0         ; f           ; 10.449 ; 10.542 ; 11.003 ; 11.092 ;
; A0         ; g           ; 10.409 ; 10.529 ; 10.959 ; 11.079 ;
; A1         ; COUT        ; 10.031 ; 8.948  ; 9.291  ; 10.686 ;
; A1         ; a           ; 10.554 ; 10.637 ; 11.135 ; 11.219 ;
; A1         ; b           ; 10.279 ; 10.336 ; 10.860 ; 10.917 ;
; A1         ; c           ; 10.952 ; 10.986 ; 11.549 ; 11.627 ;
; A1         ; d           ; 11.233 ; 11.230 ; 11.814 ; 11.812 ;
; A1         ; e           ; 10.915 ; 10.968 ; 11.505 ; 11.564 ;
; A1         ; f           ; 10.912 ; 11.005 ; 11.506 ; 11.595 ;
; A1         ; g           ; 10.872 ; 10.992 ; 11.462 ; 11.582 ;
; A2         ; COUT        ; 10.677 ; 9.547  ; 9.887  ; 11.306 ;
; A2         ; a           ; 11.200 ; 11.283 ; 11.755 ; 11.839 ;
; A2         ; b           ; 10.925 ; 10.982 ; 11.480 ; 11.537 ;
; A2         ; c           ; 11.598 ; 11.632 ; 12.169 ; 12.247 ;
; A2         ; d           ; 11.879 ; 11.876 ; 12.434 ; 12.432 ;
; A2         ; e           ; 11.561 ; 11.614 ; 12.125 ; 12.184 ;
; A2         ; f           ; 11.558 ; 11.651 ; 12.126 ; 12.215 ;
; A2         ; g           ; 11.518 ; 11.638 ; 12.082 ; 12.202 ;
; A3         ; COUT        ; 10.561 ; 9.431  ; 9.794  ; 11.213 ;
; A3         ; a           ; 11.084 ; 11.167 ; 11.662 ; 11.746 ;
; A3         ; b           ; 10.809 ; 10.866 ; 11.387 ; 11.444 ;
; A3         ; c           ; 11.482 ; 11.516 ; 12.076 ; 12.154 ;
; A3         ; d           ; 11.763 ; 11.760 ; 12.341 ; 12.339 ;
; A3         ; e           ; 11.445 ; 11.498 ; 12.032 ; 12.091 ;
; A3         ; f           ; 11.442 ; 11.535 ; 12.033 ; 12.122 ;
; A3         ; g           ; 11.402 ; 11.522 ; 11.989 ; 12.109 ;
; B0         ; COUT        ; 9.953  ; 10.189 ; 10.407 ; 10.556 ;
; B0         ; a           ; 10.638 ; 10.722 ; 11.005 ; 11.089 ;
; B0         ; b           ; 10.363 ; 10.420 ; 10.730 ; 10.787 ;
; B0         ; c           ; 11.052 ; 11.130 ; 11.419 ; 11.497 ;
; B0         ; d           ; 11.317 ; 11.315 ; 11.684 ; 11.682 ;
; B0         ; e           ; 11.008 ; 11.067 ; 11.375 ; 11.434 ;
; B0         ; f           ; 11.009 ; 11.098 ; 11.376 ; 11.465 ;
; B0         ; g           ; 10.965 ; 11.085 ; 11.332 ; 11.452 ;
; B1         ; COUT        ; 10.174 ; 10.363 ; 10.578 ; 10.799 ;
; B1         ; a           ; 10.812 ; 10.896 ; 11.248 ; 11.332 ;
; B1         ; b           ; 10.537 ; 10.594 ; 10.973 ; 11.030 ;
; B1         ; c           ; 11.226 ; 11.304 ; 11.662 ; 11.740 ;
; B1         ; d           ; 11.491 ; 11.489 ; 11.927 ; 11.925 ;
; B1         ; e           ; 11.182 ; 11.241 ; 11.618 ; 11.677 ;
; B1         ; f           ; 11.183 ; 11.272 ; 11.619 ; 11.708 ;
; B1         ; g           ; 11.139 ; 11.259 ; 11.575 ; 11.695 ;
; B2         ; COUT        ; 9.681  ; 9.823  ; 10.119 ; 10.313 ;
; B2         ; a           ; 10.272 ; 10.356 ; 10.762 ; 10.846 ;
; B2         ; b           ; 9.997  ; 10.054 ; 10.487 ; 10.544 ;
; B2         ; c           ; 10.686 ; 10.764 ; 11.176 ; 11.254 ;
; B2         ; d           ; 10.951 ; 10.949 ; 11.441 ; 11.439 ;
; B2         ; e           ; 10.642 ; 10.701 ; 11.132 ; 11.191 ;
; B2         ; f           ; 10.643 ; 10.732 ; 11.133 ; 11.222 ;
; B2         ; g           ; 10.599 ; 10.719 ; 11.089 ; 11.209 ;
; B3         ; COUT        ; 8.961  ; 9.046  ; 9.356  ; 9.473  ;
; B3         ; a           ; 9.495  ; 9.579  ; 9.922  ; 10.006 ;
; B3         ; b           ; 9.220  ; 9.277  ; 9.647  ; 9.704  ;
; B3         ; c           ; 9.909  ; 9.987  ; 10.336 ; 10.414 ;
; B3         ; d           ; 10.174 ; 10.172 ; 10.601 ; 10.599 ;
; B3         ; e           ; 9.865  ; 9.924  ; 10.292 ; 10.351 ;
; B3         ; f           ; 9.866  ; 9.955  ; 10.293 ; 10.382 ;
; B3         ; g           ; 9.822  ; 9.942  ; 10.249 ; 10.369 ;
; S0         ; COUT        ; 10.577 ; 10.762 ; 11.012 ; 11.197 ;
; S0         ; a           ; 11.211 ; 11.295 ; 11.646 ; 11.730 ;
; S0         ; b           ; 10.936 ; 10.993 ; 11.371 ; 11.428 ;
; S0         ; c           ; 11.625 ; 11.703 ; 12.060 ; 12.138 ;
; S0         ; d           ; 11.890 ; 11.888 ; 12.325 ; 12.323 ;
; S0         ; e           ; 11.581 ; 11.640 ; 12.016 ; 12.075 ;
; S0         ; f           ; 11.582 ; 11.671 ; 12.017 ; 12.106 ;
; S0         ; g           ; 11.538 ; 11.658 ; 11.973 ; 12.093 ;
; S1         ; COUT        ; 10.836 ; 11.021 ; 11.335 ; 11.520 ;
; S1         ; a           ; 11.470 ; 11.554 ; 11.969 ; 12.053 ;
; S1         ; b           ; 11.195 ; 11.252 ; 11.694 ; 11.751 ;
; S1         ; c           ; 11.884 ; 11.962 ; 12.383 ; 12.461 ;
; S1         ; d           ; 12.149 ; 12.147 ; 12.648 ; 12.646 ;
; S1         ; e           ; 11.840 ; 11.899 ; 12.339 ; 12.398 ;
; S1         ; f           ; 11.841 ; 11.930 ; 12.340 ; 12.429 ;
; S1         ; g           ; 11.797 ; 11.917 ; 12.296 ; 12.416 ;
+------------+-------------+--------+--------+--------+--------+


+----------------------------------------------------------+
; Minimum Propagation Delay                                ;
+------------+-------------+-------+-------+-------+-------+
; Input Port ; Output Port ; RR    ; RF    ; FR    ; FF    ;
+------------+-------------+-------+-------+-------+-------+
; A0         ; COUT        ; 7.472 ; 7.479 ; 7.878 ; 7.885 ;
; A0         ; a           ; 7.826 ; 7.829 ; 8.232 ; 8.235 ;
; A0         ; b           ; 8.264 ; 8.274 ; 8.731 ; 8.750 ;
; A0         ; c           ; 8.317 ; 8.355 ; 8.723 ; 8.761 ;
; A0         ; d           ; 8.643 ; 8.614 ; 9.119 ; 9.081 ;
; A0         ; e           ; 8.226 ; 8.334 ; 8.632 ; 8.740 ;
; A0         ; f           ; 8.274 ; 8.300 ; 8.680 ; 8.706 ;
; A0         ; g           ; 8.233 ; 8.279 ; 8.639 ; 8.685 ;
; A1         ; COUT        ; 8.000 ; 7.991 ; 8.451 ; 8.473 ;
; A1         ; a           ; 8.037 ; 8.107 ; 8.486 ; 8.548 ;
; A1         ; b           ; 7.730 ; 7.792 ; 8.171 ; 8.241 ;
; A1         ; c           ; 8.383 ; 8.489 ; 8.832 ; 8.932 ;
; A1         ; d           ; 8.254 ; 8.156 ; 8.697 ; 8.605 ;
; A1         ; e           ; 8.353 ; 8.416 ; 8.796 ; 8.865 ;
; A1         ; f           ; 8.339 ; 8.430 ; 8.788 ; 8.873 ;
; A1         ; g           ; 8.343 ; 8.368 ; 8.786 ; 8.817 ;
; A2         ; COUT        ; 8.635 ; 8.626 ; 9.087 ; 9.109 ;
; A2         ; a           ; 7.625 ; 7.689 ; 8.055 ; 8.151 ;
; A2         ; b           ; 7.905 ; 7.928 ; 8.364 ; 8.360 ;
; A2         ; c           ; 8.237 ; 8.274 ; 8.696 ; 8.706 ;
; A2         ; d           ; 8.219 ; 8.172 ; 8.649 ; 8.634 ;
; A2         ; e           ; 8.174 ; 8.282 ; 8.606 ; 8.741 ;
; A2         ; f           ; 8.177 ; 8.287 ; 8.609 ; 8.738 ;
; A2         ; g           ; 8.134 ; 8.247 ; 8.566 ; 8.706 ;
; A3         ; COUT        ; 8.524 ; 8.515 ; 8.997 ; 9.019 ;
; A3         ; a           ; 7.513 ; 7.577 ; 7.966 ; 8.053 ;
; A3         ; b           ; 7.794 ; 7.816 ; 8.274 ; 8.271 ;
; A3         ; c           ; 8.126 ; 8.162 ; 8.606 ; 8.617 ;
; A3         ; d           ; 8.107 ; 8.060 ; 8.560 ; 8.536 ;
; A3         ; e           ; 8.062 ; 8.171 ; 8.517 ; 8.651 ;
; A3         ; f           ; 8.065 ; 8.175 ; 8.520 ; 8.648 ;
; A3         ; g           ; 8.022 ; 8.136 ; 8.477 ; 8.616 ;
; B0         ; COUT        ; 7.809 ; 7.854 ; 8.192 ; 8.266 ;
; B0         ; a           ; 7.260 ; 7.305 ; 7.675 ; 7.689 ;
; B0         ; b           ; 6.962 ; 7.032 ; 7.346 ; 7.416 ;
; B0         ; c           ; 7.294 ; 7.401 ; 7.678 ; 7.816 ;
; B0         ; d           ; 7.559 ; 7.500 ; 7.943 ; 7.915 ;
; B0         ; e           ; 7.264 ; 7.339 ; 7.679 ; 7.723 ;
; B0         ; f           ; 7.249 ; 7.344 ; 7.633 ; 7.759 ;
; B0         ; g           ; 7.211 ; 7.304 ; 7.595 ; 7.688 ;
; B1         ; COUT        ; 8.185 ; 8.176 ; 8.579 ; 8.570 ;
; B1         ; a           ; 7.695 ; 7.711 ; 8.086 ; 8.139 ;
; B1         ; b           ; 7.368 ; 7.438 ; 7.796 ; 7.866 ;
; B1         ; c           ; 7.700 ; 7.836 ; 8.128 ; 8.227 ;
; B1         ; d           ; 7.965 ; 7.935 ; 8.393 ; 8.326 ;
; B1         ; e           ; 7.699 ; 7.745 ; 8.090 ; 8.173 ;
; B1         ; f           ; 7.655 ; 7.779 ; 8.083 ; 8.170 ;
; B1         ; g           ; 7.617 ; 7.710 ; 8.045 ; 8.138 ;
; B2         ; COUT        ; 7.680 ; 7.702 ; 8.107 ; 8.098 ;
; B2         ; a           ; 7.808 ; 7.905 ; 8.251 ; 8.311 ;
; B2         ; b           ; 7.507 ; 7.563 ; 7.934 ; 8.006 ;
; B2         ; c           ; 8.154 ; 8.260 ; 8.597 ; 8.695 ;
; B2         ; d           ; 8.025 ; 7.927 ; 8.460 ; 8.370 ;
; B2         ; e           ; 8.124 ; 8.187 ; 8.559 ; 8.630 ;
; B2         ; f           ; 8.110 ; 8.201 ; 8.553 ; 8.636 ;
; B2         ; g           ; 8.114 ; 8.139 ; 8.549 ; 8.582 ;
; B3         ; COUT        ; 7.581 ; 7.588 ; 8.004 ; 8.011 ;
; B3         ; a           ; 7.677 ; 7.757 ; 8.061 ; 8.166 ;
; B3         ; b           ; 7.743 ; 7.755 ; 8.129 ; 8.139 ;
; B3         ; c           ; 8.094 ; 8.101 ; 8.480 ; 8.485 ;
; B3         ; d           ; 8.124 ; 8.093 ; 8.508 ; 8.479 ;
; B3         ; e           ; 8.001 ; 8.128 ; 8.385 ; 8.514 ;
; B3         ; f           ; 8.004 ; 8.114 ; 8.388 ; 8.500 ;
; B3         ; g           ; 7.961 ; 8.087 ; 8.345 ; 8.473 ;
; S0         ; COUT        ; 7.322 ; 7.500 ; 7.917 ; 7.737 ;
; S0         ; a           ; 7.503 ; 7.567 ; 7.965 ; 8.061 ;
; S0         ; b           ; 7.486 ; 7.482 ; 7.900 ; 7.920 ;
; S0         ; c           ; 7.677 ; 7.782 ; 8.099 ; 8.234 ;
; S0         ; d           ; 7.547 ; 7.450 ; 7.999 ; 7.872 ;
; S0         ; e           ; 7.646 ; 7.710 ; 8.098 ; 8.132 ;
; S0         ; f           ; 7.633 ; 7.723 ; 8.055 ; 8.175 ;
; S0         ; g           ; 7.636 ; 7.662 ; 8.075 ; 8.084 ;
; S1         ; COUT        ; 7.561 ; 7.702 ; 8.138 ; 8.001 ;
; S1         ; a           ; 7.828 ; 7.896 ; 8.251 ; 8.350 ;
; S1         ; b           ; 7.519 ; 7.526 ; 7.939 ; 7.959 ;
; S1         ; c           ; 7.847 ; 7.872 ; 8.246 ; 8.305 ;
; S1         ; d           ; 7.697 ; 7.620 ; 8.173 ; 8.019 ;
; S1         ; e           ; 7.772 ; 7.880 ; 8.205 ; 8.279 ;
; S1         ; f           ; 7.775 ; 7.873 ; 8.202 ; 8.310 ;
; S1         ; g           ; 7.732 ; 7.832 ; 8.165 ; 8.231 ;
+------------+-------------+-------+-------+-------+-------+


----------------------------------------------
; Slow 1200mV 85C Model Metastability Report ;
----------------------------------------------
No synchronizer chains to report.


-------------------------------------
; Slow 1200mV 0C Model Fmax Summary ;
-------------------------------------
No paths to report.


--------------------------------------
; Slow 1200mV 0C Model Setup Summary ;
--------------------------------------
No paths to report.


-------------------------------------
; Slow 1200mV 0C Model Hold Summary ;
-------------------------------------
No paths to report.


-----------------------------------------
; Slow 1200mV 0C Model Recovery Summary ;
-----------------------------------------
No paths to report.


----------------------------------------
; Slow 1200mV 0C Model Removal Summary ;
----------------------------------------
No paths to report.


----------------------------------------------------
; Slow 1200mV 0C Model Minimum Pulse Width Summary ;
----------------------------------------------------
No paths to report.


+--------------------------------------------------------------+
; Propagation Delay                                            ;
+------------+-------------+--------+--------+--------+--------+
; Input Port ; Output Port ; RR     ; RF     ; FR     ; FF     ;
+------------+-------------+--------+--------+--------+--------+
; A0         ; COUT        ; 8.870  ; 7.166  ; 7.563  ; 9.273  ;
; A0         ; a           ; 9.277  ; 9.374  ; 9.660  ; 9.777  ;
; A0         ; b           ; 9.032  ; 9.107  ; 9.434  ; 9.490  ;
; A0         ; c           ; 9.656  ; 9.731  ; 10.046 ; 10.157 ;
; A0         ; d           ; 9.927  ; 9.868  ; 10.310 ; 10.271 ;
; A0         ; e           ; 9.616  ; 9.686  ; 10.021 ; 10.079 ;
; A0         ; f           ; 9.568  ; 9.714  ; 9.961  ; 10.117 ;
; A0         ; g           ; 9.579  ; 9.697  ; 9.974  ; 10.100 ;
; A1         ; COUT        ; 9.287  ; 8.223  ; 8.548  ; 9.735  ;
; A1         ; a           ; 9.694  ; 9.791  ; 10.122 ; 10.239 ;
; A1         ; b           ; 9.449  ; 9.524  ; 9.896  ; 9.952  ;
; A1         ; c           ; 10.073 ; 10.148 ; 10.508 ; 10.619 ;
; A1         ; d           ; 10.344 ; 10.285 ; 10.772 ; 10.733 ;
; A1         ; e           ; 10.033 ; 10.103 ; 10.483 ; 10.541 ;
; A1         ; f           ; 9.985  ; 10.131 ; 10.423 ; 10.579 ;
; A1         ; g           ; 9.996  ; 10.114 ; 10.436 ; 10.562 ;
; A2         ; COUT        ; 9.881  ; 8.777  ; 9.075  ; 10.282 ;
; A2         ; a           ; 10.288 ; 10.385 ; 10.669 ; 10.786 ;
; A2         ; b           ; 10.043 ; 10.118 ; 10.443 ; 10.499 ;
; A2         ; c           ; 10.667 ; 10.742 ; 11.055 ; 11.166 ;
; A2         ; d           ; 10.938 ; 10.879 ; 11.319 ; 11.280 ;
; A2         ; e           ; 10.627 ; 10.697 ; 11.030 ; 11.088 ;
; A2         ; f           ; 10.579 ; 10.725 ; 10.970 ; 11.126 ;
; A2         ; g           ; 10.590 ; 10.708 ; 10.983 ; 11.109 ;
; A3         ; COUT        ; 9.783  ; 8.679  ; 8.985  ; 10.192 ;
; A3         ; a           ; 10.190 ; 10.287 ; 10.579 ; 10.696 ;
; A3         ; b           ; 9.945  ; 10.020 ; 10.353 ; 10.409 ;
; A3         ; c           ; 10.569 ; 10.644 ; 10.965 ; 11.076 ;
; A3         ; d           ; 10.840 ; 10.781 ; 11.229 ; 11.190 ;
; A3         ; e           ; 10.529 ; 10.599 ; 10.940 ; 10.998 ;
; A3         ; f           ; 10.481 ; 10.627 ; 10.880 ; 11.036 ;
; A3         ; g           ; 10.492 ; 10.610 ; 10.893 ; 11.019 ;
; B0         ; COUT        ; 9.219  ; 9.324  ; 9.588  ; 9.619  ;
; B0         ; a           ; 9.711  ; 9.828  ; 10.006 ; 10.123 ;
; B0         ; b           ; 9.485  ; 9.541  ; 9.780  ; 9.836  ;
; B0         ; c           ; 10.097 ; 10.208 ; 10.392 ; 10.503 ;
; B0         ; d           ; 10.361 ; 10.322 ; 10.656 ; 10.617 ;
; B0         ; e           ; 10.072 ; 10.130 ; 10.367 ; 10.425 ;
; B0         ; f           ; 10.012 ; 10.168 ; 10.307 ; 10.463 ;
; B0         ; g           ; 10.025 ; 10.151 ; 10.320 ; 10.446 ;
; B1         ; COUT        ; 9.422  ; 9.487  ; 9.742  ; 9.836  ;
; B1         ; a           ; 9.874  ; 9.991  ; 10.223 ; 10.340 ;
; B1         ; b           ; 9.648  ; 9.704  ; 9.997  ; 10.053 ;
; B1         ; c           ; 10.260 ; 10.371 ; 10.609 ; 10.720 ;
; B1         ; d           ; 10.524 ; 10.485 ; 10.873 ; 10.834 ;
; B1         ; e           ; 10.235 ; 10.293 ; 10.584 ; 10.642 ;
; B1         ; f           ; 10.175 ; 10.331 ; 10.524 ; 10.680 ;
; B1         ; g           ; 10.188 ; 10.314 ; 10.537 ; 10.663 ;
; B2         ; COUT        ; 8.964  ; 8.988  ; 9.336  ; 9.412  ;
; B2         ; a           ; 9.375  ; 9.492  ; 9.799  ; 9.916  ;
; B2         ; b           ; 9.149  ; 9.205  ; 9.573  ; 9.629  ;
; B2         ; c           ; 9.761  ; 9.872  ; 10.185 ; 10.296 ;
; B2         ; d           ; 10.025 ; 9.986  ; 10.449 ; 10.410 ;
; B2         ; e           ; 9.736  ; 9.794  ; 10.160 ; 10.218 ;
; B2         ; f           ; 9.676  ; 9.832  ; 10.100 ; 10.256 ;
; B2         ; g           ; 9.689  ; 9.815  ; 10.113 ; 10.239 ;
; B3         ; COUT        ; 8.319  ; 8.302  ; 8.654  ; 8.667  ;
; B3         ; a           ; 8.726  ; 8.823  ; 9.061  ; 9.171  ;
; B3         ; b           ; 8.481  ; 8.556  ; 8.828  ; 8.891  ;
; B3         ; c           ; 9.105  ; 9.186  ; 9.440  ; 9.551  ;
; B3         ; d           ; 9.376  ; 9.317  ; 9.711  ; 9.665  ;
; B3         ; e           ; 9.065  ; 9.135  ; 9.415  ; 9.473  ;
; B3         ; f           ; 9.017  ; 9.163  ; 9.355  ; 9.511  ;
; B3         ; g           ; 9.028  ; 9.146  ; 9.368  ; 9.494  ;
; S0         ; COUT        ; 9.763  ; 9.825  ; 10.134 ; 10.203 ;
; S0         ; a           ; 10.212 ; 10.329 ; 10.590 ; 10.707 ;
; S0         ; b           ; 9.986  ; 10.042 ; 10.364 ; 10.420 ;
; S0         ; c           ; 10.598 ; 10.709 ; 10.976 ; 11.087 ;
; S0         ; d           ; 10.862 ; 10.823 ; 11.240 ; 11.201 ;
; S0         ; e           ; 10.573 ; 10.631 ; 10.951 ; 11.009 ;
; S0         ; f           ; 10.513 ; 10.669 ; 10.891 ; 11.047 ;
; S0         ; g           ; 10.526 ; 10.652 ; 10.904 ; 11.030 ;
; S1         ; COUT        ; 10.006 ; 10.079 ; 10.426 ; 10.488 ;
; S1         ; a           ; 10.466 ; 10.583 ; 10.875 ; 10.992 ;
; S1         ; b           ; 10.240 ; 10.296 ; 10.649 ; 10.705 ;
; S1         ; c           ; 10.852 ; 10.963 ; 11.261 ; 11.372 ;
; S1         ; d           ; 11.116 ; 11.077 ; 11.525 ; 11.486 ;
; S1         ; e           ; 10.827 ; 10.885 ; 11.236 ; 11.294 ;
; S1         ; f           ; 10.767 ; 10.923 ; 11.176 ; 11.332 ;
; S1         ; g           ; 10.780 ; 10.906 ; 11.189 ; 11.315 ;
+------------+-------------+--------+--------+--------+--------+


+----------------------------------------------------------+
; Minimum Propagation Delay                                ;
+------------+-------------+-------+-------+-------+-------+
; Input Port ; Output Port ; RR    ; RF    ; FR    ; FF    ;
+------------+-------------+-------+-------+-------+-------+
; A0         ; COUT        ; 6.951 ; 6.924 ; 7.282 ; 7.255 ;
; A0         ; a           ; 7.206 ; 7.260 ; 7.541 ; 7.591 ;
; A0         ; b           ; 7.626 ; 7.662 ; 7.985 ; 8.027 ;
; A0         ; c           ; 7.667 ; 7.745 ; 8.002 ; 8.076 ;
; A0         ; d           ; 8.005 ; 7.929 ; 8.370 ; 8.288 ;
; A0         ; e           ; 7.612 ; 7.700 ; 7.943 ; 8.035 ;
; A0         ; f           ; 7.581 ; 7.702 ; 7.916 ; 8.033 ;
; A0         ; g           ; 7.590 ; 7.676 ; 7.925 ; 8.007 ;
; A1         ; COUT        ; 7.434 ; 7.390 ; 7.788 ; 7.772 ;
; A1         ; a           ; 7.421 ; 7.492 ; 7.778 ; 7.849 ;
; A1         ; b           ; 7.132 ; 7.222 ; 7.489 ; 7.579 ;
; A1         ; c           ; 7.743 ; 7.842 ; 8.100 ; 8.199 ;
; A1         ; d           ; 7.637 ; 7.513 ; 7.994 ; 7.870 ;
; A1         ; e           ; 7.707 ; 7.789 ; 8.064 ; 8.146 ;
; A1         ; f           ; 7.656 ; 7.793 ; 8.013 ; 8.150 ;
; A1         ; g           ; 7.693 ; 7.743 ; 8.050 ; 8.100 ;
; A2         ; COUT        ; 8.020 ; 7.976 ; 8.351 ; 8.335 ;
; A2         ; a           ; 7.041 ; 7.121 ; 7.390 ; 7.499 ;
; A2         ; b           ; 7.303 ; 7.341 ; 7.665 ; 7.692 ;
; A2         ; c           ; 7.620 ; 7.659 ; 7.976 ; 8.010 ;
; A2         ; d           ; 7.612 ; 7.519 ; 7.961 ; 7.897 ;
; A2         ; e           ; 7.557 ; 7.677 ; 7.908 ; 8.035 ;
; A2         ; f           ; 7.511 ; 7.670 ; 7.862 ; 8.030 ;
; A2         ; g           ; 7.518 ; 7.639 ; 7.869 ; 8.003 ;
; A3         ; COUT        ; 7.925 ; 7.881 ; 8.264 ; 8.248 ;
; A3         ; a           ; 6.946 ; 7.026 ; 7.305 ; 7.407 ;
; A3         ; b           ; 7.208 ; 7.246 ; 7.578 ; 7.607 ;
; A3         ; c           ; 7.525 ; 7.564 ; 7.889 ; 7.925 ;
; A3         ; d           ; 7.517 ; 7.424 ; 7.876 ; 7.805 ;
; A3         ; e           ; 7.462 ; 7.582 ; 7.823 ; 7.948 ;
; A3         ; f           ; 7.416 ; 7.575 ; 7.777 ; 7.943 ;
; A3         ; g           ; 7.423 ; 7.544 ; 7.784 ; 7.916 ;
; B0         ; COUT        ; 7.269 ; 7.245 ; 7.587 ; 7.590 ;
; B0         ; a           ; 6.712 ; 6.782 ; 7.060 ; 7.102 ;
; B0         ; b           ; 6.454 ; 6.540 ; 6.774 ; 6.860 ;
; B0         ; c           ; 6.764 ; 6.870 ; 7.084 ; 7.218 ;
; B0         ; d           ; 7.030 ; 6.915 ; 7.350 ; 7.263 ;
; B0         ; e           ; 6.735 ; 6.823 ; 7.083 ; 7.143 ;
; B0         ; f           ; 6.677 ; 6.823 ; 6.997 ; 7.171 ;
; B0         ; g           ; 6.689 ; 6.791 ; 7.009 ; 7.111 ;
; B1         ; COUT        ; 7.609 ; 7.565 ; 7.922 ; 7.878 ;
; B1         ; a           ; 7.104 ; 7.145 ; 7.416 ; 7.490 ;
; B1         ; b           ; 6.817 ; 6.903 ; 7.162 ; 7.248 ;
; B1         ; c           ; 7.127 ; 7.262 ; 7.472 ; 7.574 ;
; B1         ; d           ; 7.393 ; 7.307 ; 7.738 ; 7.619 ;
; B1         ; e           ; 7.127 ; 7.186 ; 7.439 ; 7.531 ;
; B1         ; f           ; 7.040 ; 7.215 ; 7.385 ; 7.527 ;
; B1         ; g           ; 7.052 ; 7.154 ; 7.397 ; 7.499 ;
; B2         ; COUT        ; 7.128 ; 7.112 ; 7.508 ; 7.465 ;
; B2         ; a           ; 7.209 ; 7.307 ; 7.583 ; 7.654 ;
; B2         ; b           ; 6.946 ; 7.017 ; 7.294 ; 7.384 ;
; B2         ; c           ; 7.534 ; 7.639 ; 7.905 ; 8.004 ;
; B2         ; d           ; 7.434 ; 7.304 ; 7.799 ; 7.675 ;
; B2         ; e           ; 7.504 ; 7.580 ; 7.869 ; 7.951 ;
; B2         ; f           ; 7.447 ; 7.590 ; 7.818 ; 7.955 ;
; B2         ; g           ; 7.490 ; 7.534 ; 7.855 ; 7.905 ;
; B3         ; COUT        ; 7.049 ; 7.022 ; 7.403 ; 7.369 ;
; B3         ; a           ; 7.092 ; 7.173 ; 7.419 ; 7.528 ;
; B3         ; b           ; 7.143 ; 7.185 ; 7.487 ; 7.523 ;
; B3         ; c           ; 7.471 ; 7.503 ; 7.815 ; 7.841 ;
; B3         ; d           ; 7.528 ; 7.446 ; 7.866 ; 7.790 ;
; B3         ; e           ; 7.401 ; 7.517 ; 7.739 ; 7.861 ;
; B3         ; f           ; 7.355 ; 7.510 ; 7.693 ; 7.854 ;
; B3         ; g           ; 7.362 ; 7.479 ; 7.700 ; 7.823 ;
; S0         ; COUT        ; 6.811 ; 6.937 ; 7.325 ; 7.126 ;
; S0         ; a           ; 6.935 ; 7.015 ; 7.315 ; 7.424 ;
; S0         ; b           ; 6.919 ; 6.942 ; 7.253 ; 7.295 ;
; S0         ; c           ; 7.106 ; 7.209 ; 7.452 ; 7.583 ;
; S0         ; d           ; 7.004 ; 6.876 ; 7.378 ; 7.222 ;
; S0         ; e           ; 7.074 ; 7.152 ; 7.448 ; 7.498 ;
; S0         ; f           ; 7.019 ; 7.160 ; 7.365 ; 7.534 ;
; S0         ; g           ; 7.060 ; 7.106 ; 7.428 ; 7.452 ;
; S1         ; COUT        ; 7.035 ; 7.128 ; 7.520 ; 7.366 ;
; S1         ; a           ; 7.236 ; 7.307 ; 7.596 ; 7.693 ;
; S1         ; b           ; 6.947 ; 6.979 ; 7.305 ; 7.348 ;
; S1         ; c           ; 7.252 ; 7.297 ; 7.594 ; 7.666 ;
; S1         ; d           ; 7.138 ; 7.022 ; 7.546 ; 7.364 ;
; S1         ; e           ; 7.195 ; 7.298 ; 7.564 ; 7.640 ;
; S1         ; f           ; 7.149 ; 7.294 ; 7.507 ; 7.672 ;
; S1         ; g           ; 7.156 ; 7.252 ; 7.525 ; 7.594 ;
+------------+-------------+-------+-------+-------+-------+


---------------------------------------------
; Slow 1200mV 0C Model Metastability Report ;
---------------------------------------------
No synchronizer chains to report.


--------------------------------------
; Fast 1200mV 0C Model Setup Summary ;
--------------------------------------
No paths to report.


-------------------------------------
; Fast 1200mV 0C Model Hold Summary ;
-------------------------------------
No paths to report.


-----------------------------------------
; Fast 1200mV 0C Model Recovery Summary ;
-----------------------------------------
No paths to report.


----------------------------------------
; Fast 1200mV 0C Model Removal Summary ;
----------------------------------------
No paths to report.


----------------------------------------------------
; Fast 1200mV 0C Model Minimum Pulse Width Summary ;
----------------------------------------------------
No paths to report.


+----------------------------------------------------------+
; Propagation Delay                                        ;
+------------+-------------+-------+-------+-------+-------+
; Input Port ; Output Port ; RR    ; RF    ; FR    ; FF    ;
+------------+-------------+-------+-------+-------+-------+
; A0         ; COUT        ; 5.540 ; 4.647 ; 5.200 ; 6.341 ;
; A0         ; a           ; 5.846 ; 5.826 ; 6.555 ; 6.535 ;
; A0         ; b           ; 5.705 ; 5.660 ; 6.414 ; 6.369 ;
; A0         ; c           ; 6.078 ; 6.013 ; 6.802 ; 6.729 ;
; A0         ; d           ; 6.156 ; 6.246 ; 6.865 ; 6.955 ;
; A0         ; e           ; 6.068 ; 5.991 ; 6.777 ; 6.714 ;
; A0         ; f           ; 6.026 ; 6.014 ; 6.750 ; 6.723 ;
; A0         ; g           ; 6.026 ; 6.019 ; 6.744 ; 6.728 ;
; A1         ; COUT        ; 5.763 ; 5.261 ; 5.764 ; 6.600 ;
; A1         ; a           ; 6.069 ; 6.049 ; 6.814 ; 6.794 ;
; A1         ; b           ; 5.928 ; 5.883 ; 6.673 ; 6.628 ;
; A1         ; c           ; 6.301 ; 6.236 ; 7.061 ; 6.988 ;
; A1         ; d           ; 6.379 ; 6.469 ; 7.124 ; 7.214 ;
; A1         ; e           ; 6.291 ; 6.214 ; 7.036 ; 6.973 ;
; A1         ; f           ; 6.249 ; 6.237 ; 7.009 ; 6.982 ;
; A1         ; g           ; 6.249 ; 6.242 ; 7.003 ; 6.987 ;
; A2         ; COUT        ; 6.110 ; 5.585 ; 6.121 ; 6.981 ;
; A2         ; a           ; 6.416 ; 6.396 ; 7.195 ; 7.175 ;
; A2         ; b           ; 6.275 ; 6.230 ; 7.054 ; 7.009 ;
; A2         ; c           ; 6.648 ; 6.583 ; 7.442 ; 7.369 ;
; A2         ; d           ; 6.726 ; 6.816 ; 7.505 ; 7.595 ;
; A2         ; e           ; 6.638 ; 6.561 ; 7.417 ; 7.354 ;
; A2         ; f           ; 6.596 ; 6.584 ; 7.390 ; 7.363 ;
; A2         ; g           ; 6.596 ; 6.589 ; 7.384 ; 7.368 ;
; A3         ; COUT        ; 6.073 ; 5.548 ; 6.064 ; 6.924 ;
; A3         ; a           ; 6.379 ; 6.359 ; 7.138 ; 7.118 ;
; A3         ; b           ; 6.238 ; 6.193 ; 6.997 ; 6.952 ;
; A3         ; c           ; 6.611 ; 6.546 ; 7.385 ; 7.312 ;
; A3         ; d           ; 6.689 ; 6.779 ; 7.448 ; 7.538 ;
; A3         ; e           ; 6.601 ; 6.524 ; 7.360 ; 7.297 ;
; A3         ; f           ; 6.559 ; 6.547 ; 7.333 ; 7.306 ;
; A3         ; g           ; 6.559 ; 6.552 ; 7.327 ; 7.311 ;
; B0         ; COUT        ; 5.728 ; 5.977 ; 6.333 ; 6.529 ;
; B0         ; a           ; 6.191 ; 6.171 ; 6.743 ; 6.723 ;
; B0         ; b           ; 6.050 ; 6.005 ; 6.602 ; 6.557 ;
; B0         ; c           ; 6.438 ; 6.365 ; 6.990 ; 6.917 ;
; B0         ; d           ; 6.501 ; 6.591 ; 7.053 ; 7.143 ;
; B0         ; e           ; 6.413 ; 6.350 ; 6.965 ; 6.902 ;
; B0         ; f           ; 6.386 ; 6.359 ; 6.938 ; 6.911 ;
; B0         ; g           ; 6.380 ; 6.364 ; 6.932 ; 6.916 ;
; B1         ; COUT        ; 5.851 ; 6.076 ; 6.437 ; 6.680 ;
; B1         ; a           ; 6.290 ; 6.270 ; 6.894 ; 6.874 ;
; B1         ; b           ; 6.149 ; 6.104 ; 6.753 ; 6.708 ;
; B1         ; c           ; 6.537 ; 6.464 ; 7.141 ; 7.068 ;
; B1         ; d           ; 6.600 ; 6.690 ; 7.204 ; 7.294 ;
; B1         ; e           ; 6.512 ; 6.449 ; 7.116 ; 7.053 ;
; B1         ; f           ; 6.485 ; 6.458 ; 7.089 ; 7.062 ;
; B1         ; g           ; 6.479 ; 6.463 ; 7.083 ; 7.067 ;
; B2         ; COUT        ; 5.610 ; 5.799 ; 6.218 ; 6.435 ;
; B2         ; a           ; 6.013 ; 5.993 ; 6.649 ; 6.629 ;
; B2         ; b           ; 5.872 ; 5.827 ; 6.508 ; 6.463 ;
; B2         ; c           ; 6.260 ; 6.187 ; 6.896 ; 6.823 ;
; B2         ; d           ; 6.323 ; 6.413 ; 6.959 ; 7.049 ;
; B2         ; e           ; 6.235 ; 6.172 ; 6.871 ; 6.808 ;
; B2         ; f           ; 6.208 ; 6.181 ; 6.844 ; 6.817 ;
; B2         ; g           ; 6.202 ; 6.186 ; 6.838 ; 6.822 ;
; B3         ; COUT        ; 5.189 ; 5.340 ; 5.781 ; 5.951 ;
; B3         ; a           ; 5.554 ; 5.534 ; 6.165 ; 6.145 ;
; B3         ; b           ; 5.413 ; 5.368 ; 6.024 ; 5.979 ;
; B3         ; c           ; 5.801 ; 5.728 ; 6.412 ; 6.339 ;
; B3         ; d           ; 5.864 ; 5.954 ; 6.475 ; 6.565 ;
; B3         ; e           ; 5.776 ; 5.713 ; 6.387 ; 6.324 ;
; B3         ; f           ; 5.749 ; 5.722 ; 6.360 ; 6.333 ;
; B3         ; g           ; 5.743 ; 5.727 ; 6.354 ; 6.338 ;
; S0         ; COUT        ; 6.085 ; 6.296 ; 6.706 ; 6.917 ;
; S0         ; a           ; 6.510 ; 6.490 ; 7.131 ; 7.111 ;
; S0         ; b           ; 6.369 ; 6.324 ; 6.990 ; 6.945 ;
; S0         ; c           ; 6.757 ; 6.684 ; 7.378 ; 7.305 ;
; S0         ; d           ; 6.820 ; 6.910 ; 7.441 ; 7.531 ;
; S0         ; e           ; 6.732 ; 6.669 ; 7.353 ; 7.290 ;
; S0         ; f           ; 6.705 ; 6.678 ; 7.326 ; 7.299 ;
; S0         ; g           ; 6.699 ; 6.683 ; 7.320 ; 7.304 ;
; S1         ; COUT        ; 6.272 ; 6.483 ; 6.910 ; 7.121 ;
; S1         ; a           ; 6.697 ; 6.677 ; 7.335 ; 7.315 ;
; S1         ; b           ; 6.556 ; 6.511 ; 7.194 ; 7.149 ;
; S1         ; c           ; 6.944 ; 6.871 ; 7.582 ; 7.509 ;
; S1         ; d           ; 7.007 ; 7.097 ; 7.645 ; 7.735 ;
; S1         ; e           ; 6.919 ; 6.856 ; 7.557 ; 7.494 ;
; S1         ; f           ; 6.892 ; 6.865 ; 7.530 ; 7.503 ;
; S1         ; g           ; 6.886 ; 6.870 ; 7.524 ; 7.508 ;
+------------+-------------+-------+-------+-------+-------+


+----------------------------------------------------------+
; Minimum Propagation Delay                                ;
+------------+-------------+-------+-------+-------+-------+
; Input Port ; Output Port ; RR    ; RF    ; FR    ; FF    ;
+------------+-------------+-------+-------+-------+-------+
; A0         ; COUT        ; 4.427 ; 4.469 ; 4.993 ; 5.035 ;
; A0         ; a           ; 4.619 ; 4.538 ; 5.185 ; 5.104 ;
; A0         ; b           ; 4.858 ; 4.776 ; 5.492 ; 5.416 ;
; A0         ; c           ; 4.915 ; 4.819 ; 5.481 ; 5.385 ;
; A0         ; d           ; 4.980 ; 5.063 ; 5.620 ; 5.696 ;
; A0         ; e           ; 4.841 ; 4.830 ; 5.407 ; 5.396 ;
; A0         ; f           ; 4.865 ; 4.777 ; 5.431 ; 5.343 ;
; A0         ; g           ; 4.860 ; 4.772 ; 5.426 ; 5.338 ;
; A1         ; COUT        ; 4.677 ; 4.712 ; 5.304 ; 5.359 ;
; A1         ; a           ; 4.683 ; 4.676 ; 5.294 ; 5.287 ;
; A1         ; b           ; 4.529 ; 4.482 ; 5.140 ; 5.093 ;
; A1         ; c           ; 4.895 ; 4.874 ; 5.506 ; 5.485 ;
; A1         ; d           ; 4.747 ; 4.766 ; 5.358 ; 5.377 ;
; A1         ; e           ; 4.893 ; 4.819 ; 5.504 ; 5.430 ;
; A1         ; f           ; 4.839 ; 4.827 ; 5.450 ; 5.438 ;
; A1         ; g           ; 4.869 ; 4.790 ; 5.480 ; 5.401 ;
; A2         ; COUT        ; 5.019 ; 5.054 ; 5.693 ; 5.748 ;
; A2         ; a           ; 4.482 ; 4.460 ; 5.103 ; 5.100 ;
; A2         ; b           ; 4.641 ; 4.584 ; 5.289 ; 5.207 ;
; A2         ; c           ; 4.838 ; 4.770 ; 5.494 ; 5.393 ;
; A2         ; d           ; 4.745 ; 4.813 ; 5.366 ; 5.453 ;
; A2         ; e           ; 4.804 ; 4.766 ; 5.427 ; 5.422 ;
; A2         ; f           ; 4.779 ; 4.779 ; 5.402 ; 5.416 ;
; A2         ; g           ; 4.774 ; 4.744 ; 5.397 ; 5.400 ;
; A3         ; COUT        ; 4.982 ; 5.017 ; 5.638 ; 5.693 ;
; A3         ; a           ; 4.447 ; 4.425 ; 5.050 ; 5.041 ;
; A3         ; b           ; 4.604 ; 4.549 ; 5.236 ; 5.154 ;
; A3         ; c           ; 4.801 ; 4.735 ; 5.439 ; 5.340 ;
; A3         ; d           ; 4.710 ; 4.778 ; 5.313 ; 5.394 ;
; A3         ; e           ; 4.769 ; 4.729 ; 5.374 ; 5.367 ;
; A3         ; f           ; 4.744 ; 4.742 ; 5.349 ; 5.361 ;
; A3         ; g           ; 4.739 ; 4.707 ; 5.344 ; 5.345 ;
; B0         ; COUT        ; 4.579 ; 4.675 ; 5.140 ; 5.255 ;
; B0         ; a           ; 4.292 ; 4.252 ; 4.873 ; 4.813 ;
; B0         ; b           ; 4.133 ; 4.088 ; 4.694 ; 4.649 ;
; B0         ; c           ; 4.330 ; 4.302 ; 4.891 ; 4.883 ;
; B0         ; d           ; 4.377 ; 4.448 ; 4.938 ; 5.029 ;
; B0         ; e           ; 4.319 ; 4.258 ; 4.900 ; 4.819 ;
; B0         ; f           ; 4.280 ; 4.258 ; 4.841 ; 4.839 ;
; B0         ; g           ; 4.278 ; 4.236 ; 4.839 ; 4.797 ;
; B1         ; COUT        ; 4.789 ; 4.824 ; 5.368 ; 5.403 ;
; B1         ; a           ; 4.532 ; 4.479 ; 5.119 ; 5.084 ;
; B1         ; b           ; 4.360 ; 4.315 ; 4.965 ; 4.920 ;
; B1         ; c           ; 4.557 ; 4.542 ; 5.162 ; 5.129 ;
; B1         ; d           ; 4.604 ; 4.688 ; 5.209 ; 5.275 ;
; B1         ; e           ; 4.559 ; 4.485 ; 5.146 ; 5.090 ;
; B1         ; f           ; 4.507 ; 4.498 ; 5.112 ; 5.085 ;
; B1         ; g           ; 4.505 ; 4.463 ; 5.110 ; 5.068 ;
; B2         ; COUT        ; 4.551 ; 4.591 ; 5.136 ; 5.171 ;
; B2         ; a           ; 4.596 ; 4.589 ; 5.202 ; 5.195 ;
; B2         ; b           ; 4.442 ; 4.395 ; 5.048 ; 5.001 ;
; B2         ; c           ; 4.808 ; 4.787 ; 5.414 ; 5.393 ;
; B2         ; d           ; 4.660 ; 4.679 ; 5.266 ; 5.285 ;
; B2         ; e           ; 4.806 ; 4.732 ; 5.412 ; 5.338 ;
; B2         ; f           ; 4.752 ; 4.740 ; 5.358 ; 5.346 ;
; B2         ; g           ; 4.782 ; 4.703 ; 5.388 ; 5.309 ;
; B3         ; COUT        ; 4.470 ; 4.512 ; 5.080 ; 5.122 ;
; B3         ; a           ; 4.499 ; 4.491 ; 5.083 ; 5.075 ;
; B3         ; b           ; 4.557 ; 4.475 ; 5.141 ; 5.059 ;
; B3         ; c           ; 4.765 ; 4.661 ; 5.349 ; 5.245 ;
; B3         ; d           ; 4.679 ; 4.762 ; 5.263 ; 5.346 ;
; B3         ; e           ; 4.695 ; 4.694 ; 5.279 ; 5.278 ;
; B3         ; f           ; 4.670 ; 4.676 ; 5.254 ; 5.260 ;
; B3         ; g           ; 4.665 ; 4.665 ; 5.249 ; 5.249 ;
; S0         ; COUT        ; 4.324 ; 4.464 ; 5.038 ; 4.989 ;
; S0         ; a           ; 4.425 ; 4.403 ; 5.059 ; 5.056 ;
; S0         ; b           ; 4.417 ; 4.355 ; 5.045 ; 4.972 ;
; S0         ; c           ; 4.550 ; 4.525 ; 5.155 ; 5.149 ;
; S0         ; d           ; 4.398 ; 4.421 ; 5.022 ; 5.026 ;
; S0         ; e           ; 4.544 ; 4.474 ; 5.168 ; 5.079 ;
; S0         ; f           ; 4.494 ; 4.478 ; 5.099 ; 5.102 ;
; S0         ; g           ; 4.524 ; 4.445 ; 5.129 ; 5.050 ;
; S1         ; COUT        ; 4.505 ; 4.623 ; 5.181 ; 5.158 ;
; S1         ; a           ; 4.631 ; 4.623 ; 5.221 ; 5.214 ;
; S1         ; b           ; 4.477 ; 4.405 ; 5.067 ; 5.011 ;
; S1         ; c           ; 4.673 ; 4.591 ; 5.262 ; 5.197 ;
; S1         ; d           ; 4.504 ; 4.544 ; 5.138 ; 5.133 ;
; S1         ; e           ; 4.625 ; 4.597 ; 5.231 ; 5.186 ;
; S1         ; f           ; 4.600 ; 4.584 ; 5.206 ; 5.201 ;
; S1         ; g           ; 4.595 ; 4.568 ; 5.201 ; 5.157 ;
+------------+-------------+-------+-------+-------+-------+


---------------------------------------------
; Fast 1200mV 0C Model Metastability Report ;
---------------------------------------------
No synchronizer chains to report.


+----------------------------------------------------------------------------+
; Multicorner Timing Analysis Summary                                        ;
+------------------+-------+------+----------+---------+---------------------+
; Clock            ; Setup ; Hold ; Recovery ; Removal ; Minimum Pulse Width ;
+------------------+-------+------+----------+---------+---------------------+
; Worst-case Slack ; N/A   ; N/A  ; N/A      ; N/A     ; N/A                 ;
; Design-wide TNS  ; 0.0   ; 0.0  ; 0.0      ; 0.0     ; 0.0                 ;
+------------------+-------+------+----------+---------+---------------------+


+--------------------------------------------------------------+
; Propagation Delay                                            ;
+------------+-------------+--------+--------+--------+--------+
; Input Port ; Output Port ; RR     ; RF     ; FR     ; FF     ;
+------------+-------------+--------+--------+--------+--------+
; A0         ; COUT        ; 9.568  ; 7.768  ; 8.209  ; 10.183 ;
; A0         ; a           ; 10.091 ; 10.174 ; 10.632 ; 10.716 ;
; A0         ; b           ; 9.816  ; 9.873  ; 10.357 ; 10.414 ;
; A0         ; c           ; 10.489 ; 10.523 ; 11.046 ; 11.124 ;
; A0         ; d           ; 10.770 ; 10.767 ; 11.311 ; 11.309 ;
; A0         ; e           ; 10.452 ; 10.505 ; 11.002 ; 11.061 ;
; A0         ; f           ; 10.449 ; 10.542 ; 11.003 ; 11.092 ;
; A0         ; g           ; 10.409 ; 10.529 ; 10.959 ; 11.079 ;
; A1         ; COUT        ; 10.031 ; 8.948  ; 9.291  ; 10.686 ;
; A1         ; a           ; 10.554 ; 10.637 ; 11.135 ; 11.219 ;
; A1         ; b           ; 10.279 ; 10.336 ; 10.860 ; 10.917 ;
; A1         ; c           ; 10.952 ; 10.986 ; 11.549 ; 11.627 ;
; A1         ; d           ; 11.233 ; 11.230 ; 11.814 ; 11.812 ;
; A1         ; e           ; 10.915 ; 10.968 ; 11.505 ; 11.564 ;
; A1         ; f           ; 10.912 ; 11.005 ; 11.506 ; 11.595 ;
; A1         ; g           ; 10.872 ; 10.992 ; 11.462 ; 11.582 ;
; A2         ; COUT        ; 10.677 ; 9.547  ; 9.887  ; 11.306 ;
; A2         ; a           ; 11.200 ; 11.283 ; 11.755 ; 11.839 ;
; A2         ; b           ; 10.925 ; 10.982 ; 11.480 ; 11.537 ;
; A2         ; c           ; 11.598 ; 11.632 ; 12.169 ; 12.247 ;
; A2         ; d           ; 11.879 ; 11.876 ; 12.434 ; 12.432 ;
; A2         ; e           ; 11.561 ; 11.614 ; 12.125 ; 12.184 ;
; A2         ; f           ; 11.558 ; 11.651 ; 12.126 ; 12.215 ;
; A2         ; g           ; 11.518 ; 11.638 ; 12.082 ; 12.202 ;
; A3         ; COUT        ; 10.561 ; 9.431  ; 9.794  ; 11.213 ;
; A3         ; a           ; 11.084 ; 11.167 ; 11.662 ; 11.746 ;
; A3         ; b           ; 10.809 ; 10.866 ; 11.387 ; 11.444 ;
; A3         ; c           ; 11.482 ; 11.516 ; 12.076 ; 12.154 ;
; A3         ; d           ; 11.763 ; 11.760 ; 12.341 ; 12.339 ;
; A3         ; e           ; 11.445 ; 11.498 ; 12.032 ; 12.091 ;
; A3         ; f           ; 11.442 ; 11.535 ; 12.033 ; 12.122 ;
; A3         ; g           ; 11.402 ; 11.522 ; 11.989 ; 12.109 ;
; B0         ; COUT        ; 9.953  ; 10.189 ; 10.407 ; 10.556 ;
; B0         ; a           ; 10.638 ; 10.722 ; 11.005 ; 11.089 ;
; B0         ; b           ; 10.363 ; 10.420 ; 10.730 ; 10.787 ;
; B0         ; c           ; 11.052 ; 11.130 ; 11.419 ; 11.497 ;
; B0         ; d           ; 11.317 ; 11.315 ; 11.684 ; 11.682 ;
; B0         ; e           ; 11.008 ; 11.067 ; 11.375 ; 11.434 ;
; B0         ; f           ; 11.009 ; 11.098 ; 11.376 ; 11.465 ;
; B0         ; g           ; 10.965 ; 11.085 ; 11.332 ; 11.452 ;
; B1         ; COUT        ; 10.174 ; 10.363 ; 10.578 ; 10.799 ;
; B1         ; a           ; 10.812 ; 10.896 ; 11.248 ; 11.332 ;
; B1         ; b           ; 10.537 ; 10.594 ; 10.973 ; 11.030 ;
; B1         ; c           ; 11.226 ; 11.304 ; 11.662 ; 11.740 ;
; B1         ; d           ; 11.491 ; 11.489 ; 11.927 ; 11.925 ;
; B1         ; e           ; 11.182 ; 11.241 ; 11.618 ; 11.677 ;
; B1         ; f           ; 11.183 ; 11.272 ; 11.619 ; 11.708 ;
; B1         ; g           ; 11.139 ; 11.259 ; 11.575 ; 11.695 ;
; B2         ; COUT        ; 9.681  ; 9.823  ; 10.119 ; 10.313 ;
; B2         ; a           ; 10.272 ; 10.356 ; 10.762 ; 10.846 ;
; B2         ; b           ; 9.997  ; 10.054 ; 10.487 ; 10.544 ;
; B2         ; c           ; 10.686 ; 10.764 ; 11.176 ; 11.254 ;
; B2         ; d           ; 10.951 ; 10.949 ; 11.441 ; 11.439 ;
; B2         ; e           ; 10.642 ; 10.701 ; 11.132 ; 11.191 ;
; B2         ; f           ; 10.643 ; 10.732 ; 11.133 ; 11.222 ;
; B2         ; g           ; 10.599 ; 10.719 ; 11.089 ; 11.209 ;
; B3         ; COUT        ; 8.961  ; 9.046  ; 9.356  ; 9.473  ;
; B3         ; a           ; 9.495  ; 9.579  ; 9.922  ; 10.006 ;
; B3         ; b           ; 9.220  ; 9.277  ; 9.647  ; 9.704  ;
; B3         ; c           ; 9.909  ; 9.987  ; 10.336 ; 10.414 ;
; B3         ; d           ; 10.174 ; 10.172 ; 10.601 ; 10.599 ;
; B3         ; e           ; 9.865  ; 9.924  ; 10.292 ; 10.351 ;
; B3         ; f           ; 9.866  ; 9.955  ; 10.293 ; 10.382 ;
; B3         ; g           ; 9.822  ; 9.942  ; 10.249 ; 10.369 ;
; S0         ; COUT        ; 10.577 ; 10.762 ; 11.012 ; 11.197 ;
; S0         ; a           ; 11.211 ; 11.295 ; 11.646 ; 11.730 ;
; S0         ; b           ; 10.936 ; 10.993 ; 11.371 ; 11.428 ;
; S0         ; c           ; 11.625 ; 11.703 ; 12.060 ; 12.138 ;
; S0         ; d           ; 11.890 ; 11.888 ; 12.325 ; 12.323 ;
; S0         ; e           ; 11.581 ; 11.640 ; 12.016 ; 12.075 ;
; S0         ; f           ; 11.582 ; 11.671 ; 12.017 ; 12.106 ;
; S0         ; g           ; 11.538 ; 11.658 ; 11.973 ; 12.093 ;
; S1         ; COUT        ; 10.836 ; 11.021 ; 11.335 ; 11.520 ;
; S1         ; a           ; 11.470 ; 11.554 ; 11.969 ; 12.053 ;
; S1         ; b           ; 11.195 ; 11.252 ; 11.694 ; 11.751 ;
; S1         ; c           ; 11.884 ; 11.962 ; 12.383 ; 12.461 ;
; S1         ; d           ; 12.149 ; 12.147 ; 12.648 ; 12.646 ;
; S1         ; e           ; 11.840 ; 11.899 ; 12.339 ; 12.398 ;
; S1         ; f           ; 11.841 ; 11.930 ; 12.340 ; 12.429 ;
; S1         ; g           ; 11.797 ; 11.917 ; 12.296 ; 12.416 ;
+------------+-------------+--------+--------+--------+--------+


+----------------------------------------------------------+
; Minimum Propagation Delay                                ;
+------------+-------------+-------+-------+-------+-------+
; Input Port ; Output Port ; RR    ; RF    ; FR    ; FF    ;
+------------+-------------+-------+-------+-------+-------+
; A0         ; COUT        ; 4.427 ; 4.469 ; 4.993 ; 5.035 ;
; A0         ; a           ; 4.619 ; 4.538 ; 5.185 ; 5.104 ;
; A0         ; b           ; 4.858 ; 4.776 ; 5.492 ; 5.416 ;
; A0         ; c           ; 4.915 ; 4.819 ; 5.481 ; 5.385 ;
; A0         ; d           ; 4.980 ; 5.063 ; 5.620 ; 5.696 ;
; A0         ; e           ; 4.841 ; 4.830 ; 5.407 ; 5.396 ;
; A0         ; f           ; 4.865 ; 4.777 ; 5.431 ; 5.343 ;
; A0         ; g           ; 4.860 ; 4.772 ; 5.426 ; 5.338 ;
; A1         ; COUT        ; 4.677 ; 4.712 ; 5.304 ; 5.359 ;
; A1         ; a           ; 4.683 ; 4.676 ; 5.294 ; 5.287 ;
; A1         ; b           ; 4.529 ; 4.482 ; 5.140 ; 5.093 ;
; A1         ; c           ; 4.895 ; 4.874 ; 5.506 ; 5.485 ;
; A1         ; d           ; 4.747 ; 4.766 ; 5.358 ; 5.377 ;
; A1         ; e           ; 4.893 ; 4.819 ; 5.504 ; 5.430 ;
; A1         ; f           ; 4.839 ; 4.827 ; 5.450 ; 5.438 ;
; A1         ; g           ; 4.869 ; 4.790 ; 5.480 ; 5.401 ;
; A2         ; COUT        ; 5.019 ; 5.054 ; 5.693 ; 5.748 ;
; A2         ; a           ; 4.482 ; 4.460 ; 5.103 ; 5.100 ;
; A2         ; b           ; 4.641 ; 4.584 ; 5.289 ; 5.207 ;
; A2         ; c           ; 4.838 ; 4.770 ; 5.494 ; 5.393 ;
; A2         ; d           ; 4.745 ; 4.813 ; 5.366 ; 5.453 ;
; A2         ; e           ; 4.804 ; 4.766 ; 5.427 ; 5.422 ;
; A2         ; f           ; 4.779 ; 4.779 ; 5.402 ; 5.416 ;
; A2         ; g           ; 4.774 ; 4.744 ; 5.397 ; 5.400 ;
; A3         ; COUT        ; 4.982 ; 5.017 ; 5.638 ; 5.693 ;
; A3         ; a           ; 4.447 ; 4.425 ; 5.050 ; 5.041 ;
; A3         ; b           ; 4.604 ; 4.549 ; 5.236 ; 5.154 ;
; A3         ; c           ; 4.801 ; 4.735 ; 5.439 ; 5.340 ;
; A3         ; d           ; 4.710 ; 4.778 ; 5.313 ; 5.394 ;
; A3         ; e           ; 4.769 ; 4.729 ; 5.374 ; 5.367 ;
; A3         ; f           ; 4.744 ; 4.742 ; 5.349 ; 5.361 ;
; A3         ; g           ; 4.739 ; 4.707 ; 5.344 ; 5.345 ;
; B0         ; COUT        ; 4.579 ; 4.675 ; 5.140 ; 5.255 ;
; B0         ; a           ; 4.292 ; 4.252 ; 4.873 ; 4.813 ;
; B0         ; b           ; 4.133 ; 4.088 ; 4.694 ; 4.649 ;
; B0         ; c           ; 4.330 ; 4.302 ; 4.891 ; 4.883 ;
; B0         ; d           ; 4.377 ; 4.448 ; 4.938 ; 5.029 ;
; B0         ; e           ; 4.319 ; 4.258 ; 4.900 ; 4.819 ;
; B0         ; f           ; 4.280 ; 4.258 ; 4.841 ; 4.839 ;
; B0         ; g           ; 4.278 ; 4.236 ; 4.839 ; 4.797 ;
; B1         ; COUT        ; 4.789 ; 4.824 ; 5.368 ; 5.403 ;
; B1         ; a           ; 4.532 ; 4.479 ; 5.119 ; 5.084 ;
; B1         ; b           ; 4.360 ; 4.315 ; 4.965 ; 4.920 ;
; B1         ; c           ; 4.557 ; 4.542 ; 5.162 ; 5.129 ;
; B1         ; d           ; 4.604 ; 4.688 ; 5.209 ; 5.275 ;
; B1         ; e           ; 4.559 ; 4.485 ; 5.146 ; 5.090 ;
; B1         ; f           ; 4.507 ; 4.498 ; 5.112 ; 5.085 ;
; B1         ; g           ; 4.505 ; 4.463 ; 5.110 ; 5.068 ;
; B2         ; COUT        ; 4.551 ; 4.591 ; 5.136 ; 5.171 ;
; B2         ; a           ; 4.596 ; 4.589 ; 5.202 ; 5.195 ;
; B2         ; b           ; 4.442 ; 4.395 ; 5.048 ; 5.001 ;
; B2         ; c           ; 4.808 ; 4.787 ; 5.414 ; 5.393 ;
; B2         ; d           ; 4.660 ; 4.679 ; 5.266 ; 5.285 ;
; B2         ; e           ; 4.806 ; 4.732 ; 5.412 ; 5.338 ;
; B2         ; f           ; 4.752 ; 4.740 ; 5.358 ; 5.346 ;
; B2         ; g           ; 4.782 ; 4.703 ; 5.388 ; 5.309 ;
; B3         ; COUT        ; 4.470 ; 4.512 ; 5.080 ; 5.122 ;
; B3         ; a           ; 4.499 ; 4.491 ; 5.083 ; 5.075 ;
; B3         ; b           ; 4.557 ; 4.475 ; 5.141 ; 5.059 ;
; B3         ; c           ; 4.765 ; 4.661 ; 5.349 ; 5.245 ;
; B3         ; d           ; 4.679 ; 4.762 ; 5.263 ; 5.346 ;
; B3         ; e           ; 4.695 ; 4.694 ; 5.279 ; 5.278 ;
; B3         ; f           ; 4.670 ; 4.676 ; 5.254 ; 5.260 ;
; B3         ; g           ; 4.665 ; 4.665 ; 5.249 ; 5.249 ;
; S0         ; COUT        ; 4.324 ; 4.464 ; 5.038 ; 4.989 ;
; S0         ; a           ; 4.425 ; 4.403 ; 5.059 ; 5.056 ;
; S0         ; b           ; 4.417 ; 4.355 ; 5.045 ; 4.972 ;
; S0         ; c           ; 4.550 ; 4.525 ; 5.155 ; 5.149 ;
; S0         ; d           ; 4.398 ; 4.421 ; 5.022 ; 5.026 ;
; S0         ; e           ; 4.544 ; 4.474 ; 5.168 ; 5.079 ;
; S0         ; f           ; 4.494 ; 4.478 ; 5.099 ; 5.102 ;
; S0         ; g           ; 4.524 ; 4.445 ; 5.129 ; 5.050 ;
; S1         ; COUT        ; 4.505 ; 4.623 ; 5.181 ; 5.158 ;
; S1         ; a           ; 4.631 ; 4.623 ; 5.221 ; 5.214 ;
; S1         ; b           ; 4.477 ; 4.405 ; 5.067 ; 5.011 ;
; S1         ; c           ; 4.673 ; 4.591 ; 5.262 ; 5.197 ;
; S1         ; d           ; 4.504 ; 4.544 ; 5.138 ; 5.133 ;
; S1         ; e           ; 4.625 ; 4.597 ; 5.231 ; 5.186 ;
; S1         ; f           ; 4.600 ; 4.584 ; 5.206 ; 5.201 ;
; S1         ; g           ; 4.595 ; 4.568 ; 5.201 ; 5.157 ;
+------------+-------------+-------+-------+-------+-------+


+------------------------------------------------------------------------------------------------------------------------------------------------------------------------------------------------------------------------------------------------------------------------------------------------------------------------------------------------------------------------------------------------------------------+
; Board Trace Model Assignments                                                                                                                                                                                                                                                                                                                                                                                    ;
+---------------+--------------+-------------------+-------------------------+-------------------------+---------------+---------------------+----------------+------------------+--------+------------------+------------------------+------------------------+--------------+---------------+-----------------+-------+---------------------+--------------------+---------------+-----------------+-------------+
; Pin           ; I/O Standard ; Near Tline Length ; Near Tline L per Length ; Near Tline C per Length ; Near Series R ; Near Differential R ; Near Pull-up R ; Near Pull-down R ; Near C ; Far Tline Length ; Far Tline L per Length ; Far Tline C per Length ; Far Series R ; Far Pull-up R ; Far Pull-down R ; Far C ; Termination Voltage ; Far Differential R ; EBD File Name ; EBD Signal Name ; EBD Far-end ;
+---------------+--------------+-------------------+-------------------------+-------------------------+---------------+---------------------+----------------+------------------+--------+------------------+------------------------+------------------------+--------------+---------------+-----------------+-------+---------------------+--------------------+---------------+-----------------+-------------+
; COUT          ; 2.5 V        ; 0 in              ; 0 H/in                  ; 0 F/in                  ; short         ; -                   ; open           ; open             ; open   ; 0 in             ; 0 H/in                 ; 0 F/in                 ; short        ; open          ; open            ; open  ; 0 V                 ; -                  ; n/a           ; n/a             ; n/a         ;
; a             ; 2.5 V        ; 0 in              ; 0 H/in                  ; 0 F/in                  ; short         ; -                   ; open           ; open             ; open   ; 0 in             ; 0 H/in                 ; 0 F/in                 ; short        ; open          ; open            ; open  ; 0 V                 ; -                  ; n/a           ; n/a             ; n/a         ;
; b             ; 2.5 V        ; 0 in              ; 0 H/in                  ; 0 F/in                  ; short         ; -                   ; open           ; open             ; open   ; 0 in             ; 0 H/in                 ; 0 F/in                 ; short        ; open          ; open            ; open  ; 0 V                 ; -                  ; n/a           ; n/a             ; n/a         ;
; c             ; 2.5 V        ; 0 in              ; 0 H/in                  ; 0 F/in                  ; short         ; -                   ; open           ; open             ; open   ; 0 in             ; 0 H/in                 ; 0 F/in                 ; short        ; open          ; open            ; open  ; 0 V                 ; -                  ; n/a           ; n/a             ; n/a         ;
; d             ; 2.5 V        ; 0 in              ; 0 H/in                  ; 0 F/in                  ; short         ; -                   ; open           ; open             ; open   ; 0 in             ; 0 H/in                 ; 0 F/in                 ; short        ; open          ; open            ; open  ; 0 V                 ; -                  ; n/a           ; n/a             ; n/a         ;
; e             ; 2.5 V        ; 0 in              ; 0 H/in                  ; 0 F/in                  ; short         ; -                   ; open           ; open             ; open   ; 0 in             ; 0 H/in                 ; 0 F/in                 ; short        ; open          ; open            ; open  ; 0 V                 ; -                  ; n/a           ; n/a             ; n/a         ;
; f             ; 2.5 V        ; 0 in              ; 0 H/in                  ; 0 F/in                  ; short         ; -                   ; open           ; open             ; open   ; 0 in             ; 0 H/in                 ; 0 F/in                 ; short        ; open          ; open            ; open  ; 0 V                 ; -                  ; n/a           ; n/a             ; n/a         ;
; g             ; 2.5 V        ; 0 in              ; 0 H/in                  ; 0 F/in                  ; short         ; -                   ; open           ; open             ; open   ; 0 in             ; 0 H/in                 ; 0 F/in                 ; short        ; open          ; open            ; open  ; 0 V                 ; -                  ; n/a           ; n/a             ; n/a         ;
; ~ALTERA_DCLK~ ; 2.5 V        ; 0 in              ; 0 H/in                  ; 0 F/in                  ; short         ; -                   ; open           ; open             ; open   ; 0 in             ; 0 H/in                 ; 0 F/in                 ; short        ; open          ; open            ; open  ; 0 V                 ; -                  ; n/a           ; n/a             ; n/a         ;
; ~ALTERA_nCEO~ ; 2.5 V        ; 0 in              ; 0 H/in                  ; 0 F/in                  ; short         ; -                   ; open           ; open             ; open   ; 0 in             ; 0 H/in                 ; 0 F/in                 ; short        ; open          ; open            ; open  ; 0 V                 ; -                  ; n/a           ; n/a             ; n/a         ;
+---------------+--------------+-------------------+-------------------------+-------------------------+---------------+---------------------+----------------+------------------+--------+------------------+------------------------+------------------------+--------------+---------------+-----------------+-------+---------------------+--------------------+---------------+-----------------+-------------+


+----------------------------------------------------------------------------+
; Input Transition Times                                                     ;
+-------------------------+--------------+-----------------+-----------------+
; Pin                     ; I/O Standard ; 10-90 Rise Time ; 90-10 Fall Time ;
+-------------------------+--------------+-----------------+-----------------+
; B3                      ; 2.5 V        ; 2000 ps         ; 2000 ps         ;
; S1                      ; 2.5 V        ; 2000 ps         ; 2000 ps         ;
; A0                      ; 2.5 V        ; 2000 ps         ; 2000 ps         ;
; S0                      ; 2.5 V        ; 2000 ps         ; 2000 ps         ;
; A1                      ; 2.5 V        ; 2000 ps         ; 2000 ps         ;
; A2                      ; 2.5 V        ; 2000 ps         ; 2000 ps         ;
; A3                      ; 2.5 V        ; 2000 ps         ; 2000 ps         ;
; B0                      ; 2.5 V        ; 2000 ps         ; 2000 ps         ;
; B1                      ; 2.5 V        ; 2000 ps         ; 2000 ps         ;
; B2                      ; 2.5 V        ; 2000 ps         ; 2000 ps         ;
; ~ALTERA_ASDO_DATA1~     ; 2.5 V        ; 2000 ps         ; 2000 ps         ;
; ~ALTERA_FLASH_nCE_nCSO~ ; 2.5 V        ; 2000 ps         ; 2000 ps         ;
; ~ALTERA_DATA0~          ; 2.5 V        ; 2000 ps         ; 2000 ps         ;
+-------------------------+--------------+-----------------+-----------------+


+--------------------------------------------------------------------------------------------------------------------------------------------------------------------------------------------------------------------------------------------------------------------------------------------------------------------------------------------------------------------------------------------------------------------------------------------------------------------------------------------------------------------------------------------------------------------------------------------------------------------------------------------------------------------------------------------+
; Slow Corner Signal Integrity Metrics                                                                                                                                                                                                                                                                                                                                                                                                                                                                                                                                                                                                                                                       ;
+---------------+--------------+---------------------+---------------------+------------------------------+------------------------------+---------------------+---------------------+--------------------------------------+--------------------------------------+-----------------------------+-----------------------------+----------------------------+----------------------------+-----------------------------+-----------------------------+--------------------+--------------------+-------------------------------------+-------------------------------------+----------------------------+----------------------------+---------------------------+---------------------------+
; Pin           ; I/O Standard ; Board Delay on Rise ; Board Delay on Fall ; Steady State Voh at FPGA Pin ; Steady State Vol at FPGA Pin ; Voh Max at FPGA Pin ; Vol Min at FPGA Pin ; Ringback Voltage on Rise at FPGA Pin ; Ringback Voltage on Fall at FPGA Pin ; 10-90 Rise Time at FPGA Pin ; 90-10 Fall Time at FPGA Pin ; Monotonic Rise at FPGA Pin ; Monotonic Fall at FPGA Pin ; Steady State Voh at Far-end ; Steady State Vol at Far-end ; Voh Max at Far-end ; Vol Min at Far-end ; Ringback Voltage on Rise at Far-end ; Ringback Voltage on Fall at Far-end ; 10-90 Rise Time at Far-end ; 90-10 Fall Time at Far-end ; Monotonic Rise at Far-end ; Monotonic Fall at Far-end ;
+---------------+--------------+---------------------+---------------------+------------------------------+------------------------------+---------------------+---------------------+--------------------------------------+--------------------------------------+-----------------------------+-----------------------------+----------------------------+----------------------------+-----------------------------+-----------------------------+--------------------+--------------------+-------------------------------------+-------------------------------------+----------------------------+----------------------------+---------------------------+---------------------------+
; COUT          ; 2.5 V        ; 0 s                 ; 0 s                 ; 2.32 V                       ; 7.25e-07 V                   ; 2.35 V              ; -0.0111 V           ; 0.113 V                              ; 0.035 V                              ; 7.76e-10 s                  ; 8.04e-10 s                  ; Yes                        ; Yes                        ; 2.32 V                      ; 7.25e-07 V                  ; 2.35 V             ; -0.0111 V          ; 0.113 V                             ; 0.035 V                             ; 7.76e-10 s                 ; 8.04e-10 s                 ; Yes                       ; Yes                       ;
; a             ; 2.5 V        ; 0 s                 ; 0 s                 ; 2.32 V                       ; 1.08e-06 V                   ; 2.36 V              ; -0.0113 V           ; 0.122 V                              ; 0.022 V                              ; 4.5e-10 s                   ; 4.45e-10 s                  ; Yes                        ; Yes                        ; 2.32 V                      ; 1.08e-06 V                  ; 2.36 V             ; -0.0113 V          ; 0.122 V                             ; 0.022 V                             ; 4.5e-10 s                  ; 4.45e-10 s                 ; Yes                       ; Yes                       ;
; b             ; 2.5 V        ; 0 s                 ; 0 s                 ; 2.32 V                       ; 1.08e-06 V                   ; 2.36 V              ; -0.0113 V           ; 0.122 V                              ; 0.022 V                              ; 4.5e-10 s                   ; 4.45e-10 s                  ; Yes                        ; Yes                        ; 2.32 V                      ; 1.08e-06 V                  ; 2.36 V             ; -0.0113 V          ; 0.122 V                             ; 0.022 V                             ; 4.5e-10 s                  ; 4.45e-10 s                 ; Yes                       ; Yes                       ;
; c             ; 2.5 V        ; 0 s                 ; 0 s                 ; 2.32 V                       ; 1.08e-06 V                   ; 2.36 V              ; -0.0113 V           ; 0.122 V                              ; 0.022 V                              ; 4.5e-10 s                   ; 4.45e-10 s                  ; Yes                        ; Yes                        ; 2.32 V                      ; 1.08e-06 V                  ; 2.36 V             ; -0.0113 V          ; 0.122 V                             ; 0.022 V                             ; 4.5e-10 s                  ; 4.45e-10 s                 ; Yes                       ; Yes                       ;
; d             ; 2.5 V        ; 0 s                 ; 0 s                 ; 2.32 V                       ; 1.08e-06 V                   ; 2.36 V              ; -0.0113 V           ; 0.122 V                              ; 0.022 V                              ; 4.5e-10 s                   ; 4.45e-10 s                  ; Yes                        ; Yes                        ; 2.32 V                      ; 1.08e-06 V                  ; 2.36 V             ; -0.0113 V          ; 0.122 V                             ; 0.022 V                             ; 4.5e-10 s                  ; 4.45e-10 s                 ; Yes                       ; Yes                       ;
; e             ; 2.5 V        ; 0 s                 ; 0 s                 ; 2.32 V                       ; 1.08e-06 V                   ; 2.36 V              ; -0.0113 V           ; 0.122 V                              ; 0.022 V                              ; 4.5e-10 s                   ; 4.45e-10 s                  ; Yes                        ; Yes                        ; 2.32 V                      ; 1.08e-06 V                  ; 2.36 V             ; -0.0113 V          ; 0.122 V                             ; 0.022 V                             ; 4.5e-10 s                  ; 4.45e-10 s                 ; Yes                       ; Yes                       ;
; f             ; 2.5 V        ; 0 s                 ; 0 s                 ; 2.32 V                       ; 1.08e-06 V                   ; 2.36 V              ; -0.0113 V           ; 0.122 V                              ; 0.022 V                              ; 4.5e-10 s                   ; 4.45e-10 s                  ; Yes                        ; Yes                        ; 2.32 V                      ; 1.08e-06 V                  ; 2.36 V             ; -0.0113 V          ; 0.122 V                             ; 0.022 V                             ; 4.5e-10 s                  ; 4.45e-10 s                 ; Yes                       ; Yes                       ;
; g             ; 2.5 V        ; 0 s                 ; 0 s                 ; 2.32 V                       ; 1.08e-06 V                   ; 2.36 V              ; -0.0113 V           ; 0.122 V                              ; 0.022 V                              ; 4.5e-10 s                   ; 4.45e-10 s                  ; Yes                        ; Yes                        ; 2.32 V                      ; 1.08e-06 V                  ; 2.36 V             ; -0.0113 V          ; 0.122 V                             ; 0.022 V                             ; 4.5e-10 s                  ; 4.45e-10 s                 ; Yes                       ; Yes                       ;
; ~ALTERA_DCLK~ ; 2.5 V        ; 0 s                 ; 0 s                 ; 2.32 V                       ; 5.68e-07 V                   ; 2.35 V              ; -0.0132 V           ; 0.2 V                                ; 0.027 V                              ; 5.26e-10 s                  ; 4.81e-10 s                  ; Yes                        ; Yes                        ; 2.32 V                      ; 5.68e-07 V                  ; 2.35 V             ; -0.0132 V          ; 0.2 V                               ; 0.027 V                             ; 5.26e-10 s                 ; 4.81e-10 s                 ; Yes                       ; Yes                       ;
; ~ALTERA_nCEO~ ; 2.5 V        ; 0 s                 ; 0 s                 ; 2.32 V                       ; 9.36e-07 V                   ; 2.35 V              ; -0.00444 V          ; 0.18 V                               ; 0.019 V                              ; 7.23e-10 s                  ; 9.82e-10 s                  ; Yes                        ; Yes                        ; 2.32 V                      ; 9.36e-07 V                  ; 2.35 V             ; -0.00444 V         ; 0.18 V                              ; 0.019 V                             ; 7.23e-10 s                 ; 9.82e-10 s                 ; Yes                       ; Yes                       ;
+---------------+--------------+---------------------+---------------------+------------------------------+------------------------------+---------------------+---------------------+--------------------------------------+--------------------------------------+-----------------------------+-----------------------------+----------------------------+----------------------------+-----------------------------+-----------------------------+--------------------+--------------------+-------------------------------------+-------------------------------------+----------------------------+----------------------------+---------------------------+---------------------------+


+--------------------------------------------------------------------------------------------------------------------------------------------------------------------------------------------------------------------------------------------------------------------------------------------------------------------------------------------------------------------------------------------------------------------------------------------------------------------------------------------------------------------------------------------------------------------------------------------------------------------------------------------------------------------------------------------+
; Fast Corner Signal Integrity Metrics                                                                                                                                                                                                                                                                                                                                                                                                                                                                                                                                                                                                                                                       ;
+---------------+--------------+---------------------+---------------------+------------------------------+------------------------------+---------------------+---------------------+--------------------------------------+--------------------------------------+-----------------------------+-----------------------------+----------------------------+----------------------------+-----------------------------+-----------------------------+--------------------+--------------------+-------------------------------------+-------------------------------------+----------------------------+----------------------------+---------------------------+---------------------------+
; Pin           ; I/O Standard ; Board Delay on Rise ; Board Delay on Fall ; Steady State Voh at FPGA Pin ; Steady State Vol at FPGA Pin ; Voh Max at FPGA Pin ; Vol Min at FPGA Pin ; Ringback Voltage on Rise at FPGA Pin ; Ringback Voltage on Fall at FPGA Pin ; 10-90 Rise Time at FPGA Pin ; 90-10 Fall Time at FPGA Pin ; Monotonic Rise at FPGA Pin ; Monotonic Fall at FPGA Pin ; Steady State Voh at Far-end ; Steady State Vol at Far-end ; Voh Max at Far-end ; Vol Min at Far-end ; Ringback Voltage on Rise at Far-end ; Ringback Voltage on Fall at Far-end ; 10-90 Rise Time at Far-end ; 90-10 Fall Time at Far-end ; Monotonic Rise at Far-end ; Monotonic Fall at Far-end ;
+---------------+--------------+---------------------+---------------------+------------------------------+------------------------------+---------------------+---------------------+--------------------------------------+--------------------------------------+-----------------------------+-----------------------------+----------------------------+----------------------------+-----------------------------+-----------------------------+--------------------+--------------------+-------------------------------------+-------------------------------------+----------------------------+----------------------------+---------------------------+---------------------------+
; COUT          ; 2.5 V        ; 0 s                 ; 0 s                 ; 2.62 V                       ; 2.78e-08 V                   ; 2.71 V              ; -0.0349 V           ; 0.253 V                              ; 0.069 V                              ; 4.96e-10 s                  ; 5.19e-10 s                  ; No                         ; Yes                        ; 2.62 V                      ; 2.78e-08 V                  ; 2.71 V             ; -0.0349 V          ; 0.253 V                             ; 0.069 V                             ; 4.96e-10 s                 ; 5.19e-10 s                 ; No                        ; Yes                       ;
; a             ; 2.5 V        ; 0 s                 ; 0 s                 ; 2.62 V                       ; 4.11e-08 V                   ; 2.73 V              ; -0.0566 V           ; 0.191 V                              ; 0.12 V                               ; 2.69e-10 s                  ; 2.76e-10 s                  ; Yes                        ; Yes                        ; 2.62 V                      ; 4.11e-08 V                  ; 2.73 V             ; -0.0566 V          ; 0.191 V                             ; 0.12 V                              ; 2.69e-10 s                 ; 2.76e-10 s                 ; Yes                       ; Yes                       ;
; b             ; 2.5 V        ; 0 s                 ; 0 s                 ; 2.62 V                       ; 4.11e-08 V                   ; 2.73 V              ; -0.0566 V           ; 0.191 V                              ; 0.12 V                               ; 2.69e-10 s                  ; 2.76e-10 s                  ; Yes                        ; Yes                        ; 2.62 V                      ; 4.11e-08 V                  ; 2.73 V             ; -0.0566 V          ; 0.191 V                             ; 0.12 V                              ; 2.69e-10 s                 ; 2.76e-10 s                 ; Yes                       ; Yes                       ;
; c             ; 2.5 V        ; 0 s                 ; 0 s                 ; 2.62 V                       ; 4.11e-08 V                   ; 2.73 V              ; -0.0566 V           ; 0.191 V                              ; 0.12 V                               ; 2.69e-10 s                  ; 2.76e-10 s                  ; Yes                        ; Yes                        ; 2.62 V                      ; 4.11e-08 V                  ; 2.73 V             ; -0.0566 V          ; 0.191 V                             ; 0.12 V                              ; 2.69e-10 s                 ; 2.76e-10 s                 ; Yes                       ; Yes                       ;
; d             ; 2.5 V        ; 0 s                 ; 0 s                 ; 2.62 V                       ; 4.11e-08 V                   ; 2.73 V              ; -0.0566 V           ; 0.191 V                              ; 0.12 V                               ; 2.69e-10 s                  ; 2.76e-10 s                  ; Yes                        ; Yes                        ; 2.62 V                      ; 4.11e-08 V                  ; 2.73 V             ; -0.0566 V          ; 0.191 V                             ; 0.12 V                              ; 2.69e-10 s                 ; 2.76e-10 s                 ; Yes                       ; Yes                       ;
; e             ; 2.5 V        ; 0 s                 ; 0 s                 ; 2.62 V                       ; 4.11e-08 V                   ; 2.73 V              ; -0.0566 V           ; 0.191 V                              ; 0.12 V                               ; 2.69e-10 s                  ; 2.76e-10 s                  ; Yes                        ; Yes                        ; 2.62 V                      ; 4.11e-08 V                  ; 2.73 V             ; -0.0566 V          ; 0.191 V                             ; 0.12 V                              ; 2.69e-10 s                 ; 2.76e-10 s                 ; Yes                       ; Yes                       ;
; f             ; 2.5 V        ; 0 s                 ; 0 s                 ; 2.62 V                       ; 4.11e-08 V                   ; 2.73 V              ; -0.0566 V           ; 0.191 V                              ; 0.12 V                               ; 2.69e-10 s                  ; 2.76e-10 s                  ; Yes                        ; Yes                        ; 2.62 V                      ; 4.11e-08 V                  ; 2.73 V             ; -0.0566 V          ; 0.191 V                             ; 0.12 V                              ; 2.69e-10 s                 ; 2.76e-10 s                 ; Yes                       ; Yes                       ;
; g             ; 2.5 V        ; 0 s                 ; 0 s                 ; 2.62 V                       ; 4.11e-08 V                   ; 2.73 V              ; -0.0566 V           ; 0.191 V                              ; 0.12 V                               ; 2.69e-10 s                  ; 2.76e-10 s                  ; Yes                        ; Yes                        ; 2.62 V                      ; 4.11e-08 V                  ; 2.73 V             ; -0.0566 V          ; 0.191 V                             ; 0.12 V                              ; 2.69e-10 s                 ; 2.76e-10 s                 ; Yes                       ; Yes                       ;
; ~ALTERA_DCLK~ ; 2.5 V        ; 0 s                 ; 0 s                 ; 2.62 V                       ; 2.22e-08 V                   ; 2.72 V              ; -0.0747 V           ; 0.28 V                               ; 0.169 V                              ; 3.1e-10 s                   ; 3.01e-10 s                  ; No                         ; Yes                        ; 2.62 V                      ; 2.22e-08 V                  ; 2.72 V             ; -0.0747 V          ; 0.28 V                              ; 0.169 V                             ; 3.1e-10 s                  ; 3.01e-10 s                 ; No                        ; Yes                       ;
; ~ALTERA_nCEO~ ; 2.5 V        ; 0 s                 ; 0 s                 ; 2.62 V                       ; 3.53e-08 V                   ; 2.7 V               ; -0.0212 V           ; 0.204 V                              ; 0.049 V                              ; 4.85e-10 s                  ; 6.73e-10 s                  ; No                         ; Yes                        ; 2.62 V                      ; 3.53e-08 V                  ; 2.7 V              ; -0.0212 V          ; 0.204 V                             ; 0.049 V                             ; 4.85e-10 s                 ; 6.73e-10 s                 ; No                        ; Yes                       ;
+---------------+--------------+---------------------+---------------------+------------------------------+------------------------------+---------------------+---------------------+--------------------------------------+--------------------------------------+-----------------------------+-----------------------------+----------------------------+----------------------------+-----------------------------+-----------------------------+--------------------+--------------------+-------------------------------------+-------------------------------------+----------------------------+----------------------------+---------------------------+---------------------------+


-------------------
; Clock Transfers ;
-------------------
Nothing to report.


---------------
; Report TCCS ;
---------------
No dedicated SERDES Transmitter circuitry present in device or used in design


---------------
; Report RSKM ;
---------------
No non-DPA dedicated SERDES Receiver circuitry present in device or used in design


+------------------------------------------------+
; Unconstrained Paths                            ;
+---------------------------------+-------+------+
; Property                        ; Setup ; Hold ;
+---------------------------------+-------+------+
; Illegal Clocks                  ; 0     ; 0    ;
; Unconstrained Clocks            ; 0     ; 0    ;
; Unconstrained Input Ports       ; 10    ; 10   ;
; Unconstrained Input Port Paths  ; 80    ; 80   ;
; Unconstrained Output Ports      ; 8     ; 8    ;
; Unconstrained Output Port Paths ; 80    ; 80   ;
+---------------------------------+-------+------+


+------------------------------------+
; TimeQuest Timing Analyzer Messages ;
+------------------------------------+
Info: *******************************************************************
Info: Running Quartus II 64-Bit TimeQuest Timing Analyzer
    Info: Version 13.1.0 Build 162 10/23/2013 SJ Web Edition
    Info: Processing started: Wed Dec 21 12:46:18 2022
Info: Command: quartus_sta Alu_aritmetico -c Alu_aritmetico
Info: qsta_default_script.tcl version: #1
Info (20030): Parallel compilation is enabled and will use 12 of the 12 processors detected
Info (21077): Low junction temperature is 0 degrees C
Info (21077): High junction temperature is 85 degrees C
Critical Warning (332012): Synopsys Design Constraints File file not found: 'Alu_aritmetico.sdc'. A Synopsys Design Constraints File is required by the TimeQuest Timing Analyzer to get proper timing constraints. Without it, the Compiler will not properly optimize the design.
Info (332142): No user constrained base clocks found in the design. Calling "derive_clocks -period 1.0"
Info (332096): The command derive_clocks did not find any clocks to derive.  No clocks were created or changed.
Warning (332068): No clocks defined in design.
Info (332143): No user constrained clock uncertainty found in the design. Calling "derive_clock_uncertainty"
Info (332154): The derive_clock_uncertainty command did not apply clock uncertainty to any clock-to-clock transfers.
Info: Found TIMEQUEST_REPORT_SCRIPT_INCLUDE_DEFAULT_ANALYSIS = ON
Info (332159): No clocks to report
Info: Analyzing Slow 1200mV 85C Model
Info (332140): No fmax paths to report
Info (332140): No Setup paths to report
Info (332140): No Hold paths to report
Info (332140): No Recovery paths to report
Info (332140): No Removal paths to report
Info (332140): No Minimum Pulse Width paths to report
Info: Analyzing Slow 1200mV 0C Model
Info (334003): Started post-fitting delay annotation
Info (334004): Delay annotation completed successfully
Info (332142): No user constrained base clocks found in the design. Calling "derive_clocks -period 1.0"
Info (332096): The command derive_clocks did not find any clocks to derive.  No clocks were created or changed.
Warning (332068): No clocks defined in design.
Info (332154): The derive_clock_uncertainty command did not apply clock uncertainty to any clock-to-clock transfers.
Info (332140): No fmax paths to report
Info (332140): No Setup paths to report
Info (332140): No Hold paths to report
Info (332140): No Recovery paths to report
Info (332140): No Removal paths to report
Info (332140): No Minimum Pulse Width paths to report
Info: Analyzing Fast 1200mV 0C Model
Info (332142): No user constrained base clocks found in the design. Calling "derive_clocks -period 1.0"
Info (332096): The command derive_clocks did not find any clocks to derive.  No clocks were created or changed.
Warning (332068): No clocks defined in design.
Info (332154): The derive_clock_uncertainty command did not apply clock uncertainty to any clock-to-clock transfers.
Info (332140): No Setup paths to report
Info (332140): No Hold paths to report
Info (332140): No Recovery paths to report
Info (332140): No Removal paths to report
Info (332140): No Minimum Pulse Width paths to report
Info (332102): Design is not fully constrained for setup requirements
Info (332102): Design is not fully constrained for hold requirements
Info: Quartus II 64-Bit TimeQuest Timing Analyzer was successful. 0 errors, 4 warnings
    Info: Peak virtual memory: 4795 megabytes
    Info: Processing ended: Wed Dec 21 12:46:19 2022
    Info: Elapsed time: 00:00:01
    Info: Total CPU time (on all processors): 00:00:01


